// Jest Snapshot v1, https://goo.gl/fbAQLP

exports[`ProductList should match snapshot 1`] = `<div />`;
