// Jest Snapshot v1, https://goo.gl/fbAQLP

exports[`CartList should match snapshot 1`] = `
<div>
  <table
    class="ui celled padded table"
  >
    <thead
      class=""
    >
      <tr
        class=""
      >
        <th
          class="single line"
        >
          Image
        </th>
        <th
          class=""
        >
          Name
        </th>
        <th
          class=""
        >
          Price
        </th>
        <th
          class=""
        >
          Quantity
        </th>
      </tr>
    </thead>
    <tbody
      class=""
    >
      <tr
        class=""
      >
        <td
          class=""
        >
          <img
            class="ui small image"
            src="https://salt.tikicdn.com/cache/280x280/ts/product/59/e3/e7/642ce38017ac1d35f2e87234b6fd56f2.jpg"
          />
        </td>
        <td
          class="single line"
        >
          Tâm lý học hạnh phúc
        </td>
        <td
          class=""
        >
          200.000 ₫
        </td>
        <td
          class=""
        >
          1
        </td>
      </tr>
      <tr
        class=""
      >
        <td
          class=""
        >
          <img
            class="ui small image"
            src="https://salt.tikicdn.com/cache/280x280/ts/product/5f/36/dd/c64c91016b320ae4591efcf93d0ebf30.jpg"
          />
        </td>
        <td
          class="single line"
        >
          Dạy con học ít hiểu nhiều
        </td>
        <td
          class=""
        >
          200.000 ₫
        </td>
        <td
          class=""
        >
          1
        </td>
      </tr>
    </tbody>
  </table>
</div>
`;
